// Jest Snapshot v1, https://goo.gl/fbAQLP

exports[`Wallet renders correctly 1`] = `
ShallowWrapper {
  "length": 1,
  Symbol(enzyme.__root__): [Circular],
  Symbol(enzyme.__unrendered__): <Wallet
    balance={20}
    deposit={[Function]}
    withDraw={[Function]}
/>,
  Symbol(enzyme.__renderer__): Object {
    "batchedUpdates": [Function],
    "getNode": [Function],
    "render": [Function],
    "simulateEvent": [Function],
    "unmount": [Function],
  },
  Symbol(enzyme.__node__): Object {
    "instance": null,
    "key": null,
    "nodeType": "function",
    "props": Object {
      "basic": true,
      "children": Array [
        <h3
          className="balance"
>
          Wallet Balance: 
          20
</h3>,
        <br />,
        <input
          className="input-wallet"
          onChange={[Function]}
          type="text"
/>,
        <Button
          as="button"
          className="btn-deposit"
          onClick={[Function]}
>
          Deposit
</Button>,
        <Button
          as="button"
          className="btn-withdraw"
          onClick={[Function]}
>
          WithDraw
</Button>,
      ],
    },
    "ref": null,
    "rendered": Array [
      Object {
        "instance": null,
        "key": null,
        "nodeType": "host",
        "props": Object {
          "children": Array [
            "Wallet Balance: ",
            20,
          ],
          "className": "balance",
        },
        "ref": null,
        "rendered": Array [
          "Wallet Balance: ",
          20,
        ],
        "type": "h3",
      },
      Object {
        "instance": null,
        "key": null,
        "nodeType": "host",
        "props": Object {},
        "ref": null,
        "rendered": null,
        "type": "br",
      },
      Object {
        "instance": null,
        "key": null,
        "nodeType": "host",
        "props": Object {
          "className": "input-wallet",
          "onChange": [Function],
          "type": "text",
        },
        "ref": null,
        "rendered": null,
        "type": "input",
      },
      Object {
        "instance": null,
        "key": null,
        "nodeType": "class",
        "props": Object {
          "as": "button",
          "children": "Deposit",
          "className": "btn-deposit",
          "onClick": [Function],
        },
        "ref": null,
        "rendered": "Deposit",
        "type": [Function],
      },
      Object {
        "instance": null,
        "key": null,
        "nodeType": "class",
        "props": Object {
          "as": "button",
          "children": "WithDraw",
          "className": "btn-withdraw",
          "onClick": [Function],
        },
        "ref": null,
        "rendered": "WithDraw",
        "type": [Function],
      },
    ],
    "type": [Function],
  },
  Symbol(enzyme.__nodes__): Array [
    Object {
      "instance": null,
      "key": null,
      "nodeType": "function",
      "props": Object {
        "basic": true,
        "children": Array [
          <h3
            className="balance"
>
            Wallet Balance: 
            20
</h3>,
          <br />,
          <input
            className="input-wallet"
            onChange={[Function]}
            type="text"
/>,
          <Button
            as="button"
            className="btn-deposit"
            onClick={[Function]}
>
            Deposit
</Button>,
          <Button
            as="button"
            className="btn-withdraw"
            onClick={[Function]}
>
            WithDraw
</Button>,
        ],
      },
      "ref": null,
      "rendered": Array [
        Object {
          "instance": null,
          "key": null,
          "nodeType": "host",
          "props": Object {
            "children": Array [
              "Wallet Balance: ",
              20,
            ],
            "className": "balance",
          },
          "ref": null,
          "rendered": Array [
            "Wallet Balance: ",
            20,
          ],
          "type": "h3",
        },
        Object {
          "instance": null,
          "key": null,
          "nodeType": "host",
          "props": Object {},
          "ref": null,
          "rendered": null,
          "type": "br",
        },
        Object {
          "instance": null,
          "key": null,
          "nodeType": "host",
          "props": Object {
            "className": "input-wallet",
            "onChange": [Function],
            "type": "text",
          },
          "ref": null,
          "rendered": null,
          "type": "input",
        },
        Object {
          "instance": null,
          "key": null,
          "nodeType": "class",
          "props": Object {
            "as": "button",
            "children": "Deposit",
            "className": "btn-deposit",
            "onClick": [Function],
          },
          "ref": null,
          "rendered": "Deposit",
          "type": [Function],
        },
        Object {
          "instance": null,
          "key": null,
          "nodeType": "class",
          "props": Object {
            "as": "button",
            "children": "WithDraw",
            "className": "btn-withdraw",
            "onClick": [Function],
          },
          "ref": null,
          "rendered": "WithDraw",
          "type": [Function],
        },
      ],
      "type": [Function],
    },
  ],
  Symbol(enzyme.__options__): Object {
    "adapter": ReactSixteenAdapter {
      "options": Object {
        "enableComponentDidUpdateOnSetState": true,
      },
    },
    "disableLifecycleMethods": true,
  },
}
`;
